ThumbnailQueue initialized with config: {
  debounceSeconds: 10,
  cooldownSeconds: 10,
  maxConcurrent: 4,
  batchSize: 100,
  batchWaitSeconds: 5,
}
Starting media watcher...
🔍 SSDP Discovery server started on port 1900
Watching directory: /Users/mathiasboe/Projects/runecortex/images-and-video-folder-for-testing
Performing smart initial scan of watch directories...
Starting smart scan for /Users/mathiasboe/Projects/runecortex/images-and-video-folder-for-testing
Smart scan failed for /Users/mathiasboe/Projects/runecortex/images-and-video-folder-for-testing: 129 |     indexedFolderId: number,
130 |     rootPath: string,
131 |     options: SmartScanOptions = {}
132 |   ): Promise<number> {
133 |     console.log(`Starting smart scan for ${rootPath}`);
134 |     scanProgress.startScanning(rootPath);
                       ^
TypeError: scanProgress.startScanning is not a function. (In 'scanProgress.startScanning(rootPath)', 'scanProgress.startScanning' is undefined)
      at smartScan (/Users/mathiasboe/Projects/runecortex/stash-clone/backend/src/services/smartScanner.ts:134:18)
      at smartScan (/Users/mathiasboe/Projects/runecortex/stash-clone/backend/src/services/smartScanner.ts:129:5)
      at performSmartInitialScan (/Users/mathiasboe/Projects/runecortex/stash-clone/backend/src/services/watcher.ts:313:51)
      at performSmartInitialScan (/Users/mathiasboe/Projects/runecortex/stash-clone/backend/src/services/watcher.ts:298:43)
      at start (/Users/mathiasboe/Projects/runecortex/stash-clone/backend/src/services/watcher.ts:65:16)

Smart initial scan complete. Total files processed: 0
ThumbnailQueue: Added 6 items to queue. Total in queue: 6
ThumbnailQueue: Waiting 10 second(s) before processing...
Thumbnail queue status: waiting, queued: 6
👁️  Watcher enabled. Watching 1 directories
🚀 Server ready at http://localhost:4001/graphql
📁 Media files served at http://localhost:4001/media/:id
🖼️ Thumbnails served at http://localhost:4001/thumbnails/:id.jpg
🌐 Request: GET /device.xml from Darwin/23.5.0, UPnP/1.0, Portable SDK for UPnP devices/1.14.13
📱 DLNA device.xml requested from Darwin/23.5.0, UPnP/1.0, Portable SDK for UPnP devices/1.14.13
🌐 Request: GET /device.xml from Darwin/23.5.0, UPnP/1.0, Portable SDK for UPnP devices/1.14.13
📱 DLNA device.xml requested from Darwin/23.5.0, UPnP/1.0, Portable SDK for UPnP devices/1.14.13
🌐 Request: GET /device.xml from Darwin/23.5.0, UPnP/1.0, Portable SDK for UPnP devices/1.14.13
📱 DLNA device.xml requested from Darwin/23.5.0, UPnP/1.0, Portable SDK for UPnP devices/1.14.13
🌐 Request: GET /device.xml from Darwin/23.5.0, UPnP/1.0, Portable SDK for UPnP devices/1.14.13
📱 DLNA device.xml requested from Darwin/23.5.0, UPnP/1.0, Portable SDK for UPnP devices/1.14.13
ThumbnailQueue: Starting processing of 6 items
ThumbnailQueue: Error processing item 233: 71 | 
72 |     // Check if source file exists
73 |     try {
74 |       await access(item.filepath, constants.F_OK);
75 |     } catch {
76 |       throw new Error(`Source file not found: ${item.filepath}`);
                 ^
error: Source file not found: /Users/mathiasboe/Projects/runecortex/images-and-video-folder-for-testing/25-01-01-12-26 AM-7728 x 5152 1.jpg
      at generateForMediaItem (/Users/mathiasboe/Projects/runecortex/stash-clone/backend/src/services/thumbnail.ts:76:13)

ThumbnailQueue: Error processing item 234: 71 | 
72 |     // Check if source file exists
73 |     try {
74 |       await access(item.filepath, constants.F_OK);
75 |     } catch {
76 |       throw new Error(`Source file not found: ${item.filepath}`);
                 ^
error: Source file not found: /Users/mathiasboe/Projects/runecortex/images-and-video-folder-for-testing/25-01-01-12-26 AM-7728 x 5152 2.jpg
      at generateForMediaItem (/Users/mathiasboe/Projects/runecortex/stash-clone/backend/src/services/thumbnail.ts:76:13)

ThumbnailQueue: Error processing item 232: 71 | 
72 |     // Check if source file exists
73 |     try {
74 |       await access(item.filepath, constants.F_OK);
75 |     } catch {
76 |       throw new Error(`Source file not found: ${item.filepath}`);
                 ^
error: Source file not found: /Users/mathiasboe/Projects/runecortex/images-and-video-folder-for-testing/25-01-01-12-25 AM-7728 x 5152.jpg
      at generateForMediaItem (/Users/mathiasboe/Projects/runecortex/stash-clone/backend/src/services/thumbnail.ts:76:13)

ThumbnailQueue: Error processing item 235: 71 | 
72 |     // Check if source file exists
73 |     try {
74 |       await access(item.filepath, constants.F_OK);
75 |     } catch {
76 |       throw new Error(`Source file not found: ${item.filepath}`);
                 ^
error: Source file not found: /Users/mathiasboe/Projects/runecortex/images-and-video-folder-for-testing/25-01-01-12-26 AM-7728 x 5152 3.jpg
      at generateForMediaItem (/Users/mathiasboe/Projects/runecortex/stash-clone/backend/src/services/thumbnail.ts:76:13)

ThumbnailQueue: Error processing item 238: 71 | 
72 |     // Check if source file exists
73 |     try {
74 |       await access(item.filepath, constants.F_OK);
75 |     } catch {
76 |       throw new Error(`Source file not found: ${item.filepath}`);
                 ^
error: Source file not found: /Users/mathiasboe/Projects/runecortex/images-and-video-folder-for-testing/25-01-01-12-27 AM-7728 x 5152 1.jpg
      at generateForMediaItem (/Users/mathiasboe/Projects/runecortex/stash-clone/backend/src/services/thumbnail.ts:76:13)

ThumbnailQueue: Error processing item 236: 71 | 
72 |     // Check if source file exists
73 |     try {
74 |       await access(item.filepath, constants.F_OK);
75 |     } catch {
76 |       throw new Error(`Source file not found: ${item.filepath}`);
                 ^
error: Source file not found: /Users/mathiasboe/Projects/runecortex/images-and-video-folder-for-testing/25-01-01-12-26 AM-7728 x 5152.jpg
      at generateForMediaItem (/Users/mathiasboe/Projects/runecortex/stash-clone/backend/src/services/thumbnail.ts:76:13)

ThumbnailQueue: Batch complete. Processed: 0, Skipped: 0, Failed: 6
ThumbnailQueue: Queue empty, returning to idle
📡 SSDP M-SEARCH received from 192.168.0.219:52854, ST: 239.255.255.250:1900
📡 SSDP M-SEARCH received from 192.168.0.219:52854, ST: 239.255.255.250:1900
📡 SSDP M-SEARCH received from 192.168.0.219:60045, ST: 239.255.255.250:1900
📡 SSDP M-SEARCH received from 192.168.0.219:54952, ST: 239.255.255.250:1900
📡 SSDP M-SEARCH received from 192.168.0.219:54952, ST: 239.255.255.250:1900
